// Jest Snapshot v1, https://goo.gl/fbAQLP

exports[`ProfilePage should match the snapshot 1`] = `
<ScrollView
  style={
    Object {
      "backgroundColor": "#4AA9C5",
      "flex": 1,
    }
  }
>
  <Component
    style={
      Object {
        "alignItems": "stretch",
        "backgroundColor": "#4AA9C5",
        "flex": 1,
        "flexDirection": "column",
        "height": "100%",
        "paddingBottom": 20,
        "paddingTop": 20,
        "width": "100%",
      }
    }
  >
    <Component
      style={
        Object {
          "alignItems": "center",
          "height": 180,
          "justifyContent": "center",
          "marginBottom": 20,
          "marginTop": 20,
          "shadowColor": "black",
          "shadowOffset": Object {
            "height": 2,
            "width": 2,
          },
          "shadowOpacity": 0.5,
          "shadowRadius": 20,
          "width": "100%",
          "zIndex": 200,
        }
      }
    >
      <Component
        source={
          Object {
            "uri": undefined,
          }
        }
        style={
          Object {
            "borderRadius": 90,
            "height": 180,
            "width": 180,
            "zIndex": 200,
          }
        }
      />
      <ForwardRef(enhanceContext-Context.Consumer(Menu))
        onBackdropPress={[Function]}
        onClose={[Function]}
        onOpen={[Function]}
        onSelect={[Function]}
        renderer={[Function]}
        rendererProps={Object {}}
        style={
          Object {
            "position": "absolute",
            "right": 30,
            "top": 110,
            "zIndex": 100000000005,
          }
        }
      >
        <ForwardRef(enhanceContext-Context.Consumer(MenuTrigger))
          customStyles={Object {}}
          disabled={false}
        >
          <Icon
            allowFontScaling={false}
            color="#4AA9C5"
            name="settings"
            size={24}
          />
        </ForwardRef(enhanceContext-Context.Consumer(MenuTrigger))>
        <ForwardRef(enhanceContext-Context.Consumer(MenuOptions))
          customStyles={
            Object {
              "optionText": Object {
                "fontSize": 16,
              },
              "optionTouchable": Object {
                "activeOpacity": 80,
                "underlayColor": "#93548F",
              },
              "optionWrapper": Object {
                "alignItems": "center",
                "borderColor": "#eaeaea",
                "borderWidth": 1,
                "display": "flex",
                "height": 40,
                "justifyContent": "center",
              },
              "optionsContainer": Object {
                "width": 100,
              },
            }
          }
        >
          <ForwardRef(enhanceContext-Context.Consumer(MenuOption))
            customStyles={Object {}}
            disableTouchable={false}
            disabled={false}
            onSelect={[Function]}
            text="Edit Profile"
          />
          <ForwardRef(enhanceContext-Context.Consumer(MenuOption))
            customStyles={Object {}}
            disableTouchable={false}
            disabled={false}
            onSelect={[Function]}
            text="Logout"
          />
        </ForwardRef(enhanceContext-Context.Consumer(MenuOptions))>
      </ForwardRef(enhanceContext-Context.Consumer(Menu))>
    </Component>
    <Component
      style={
        Object {
          "backgroundColor": "#fff",
          "flex": 1,
          "height": "100%",
          "marginLeft": 20,
          "marginRight": 20,
          "marginTop": -100,
          "paddingBottom": 20,
        }
      }
    >
      <Component
        style={
          Object {
            "alignItems": "center",
            "display": "flex",
            "marginTop": 90,
          }
        }
      >
        <Component
          style={
            Object {
              "fontSize": 35,
              "fontWeight": "300",
            }
          }
        >
          Howard
        </Component>
        <Component
          style={
            Object {
              "fontSize": 23,
              "fontWeight": "200",
            }
          }
        >
          Developer
        </Component>
        <Component
          style={
            Object {
              "color": "gray",
              "fontSize": 21,
              "fontWeight": "300",
            }
          }
        >
          Turing
        </Component>
        <Component
          style={
            Object {
              "alignItems": "center",
              "flexDirection": "row",
              "justifyContent": "center",
            }
          }
        >
          <Icon
            allowFontScaling={false}
            color="#4AA9C5"
            name="map-pin"
            size={20}
            style={
              Object {
                "marginRight": 7,
              }
            }
          />
          <Component
            style={
              Object {
                "color": "gray",
                "fontSize": 19,
                "fontWeight": "200",
              }
            }
          >
            Denver
          </Component>
        </Component>
        <Component
          style={
            Object {
              "alignItems": "center",
              "flexDirection": "row",
              "justifyContent": "center",
            }
          }
        >
          <Icon
            allowFontScaling={false}
            color="#4AA9C5"
            name="linkedin"
            size={20}
            style={
              Object {
                "marginRight": 5,
              }
            }
          />
          <Component
            style={
              Object {
                "marginTop": 6,
              }
            }
          />
        </Component>
        <Component
          style={
            Object {
              "alignItems": "center",
              "flexDirection": "row",
              "justifyContent": "center",
            }
          }
        >
          <Icon
            allowFontScaling={false}
            color="#4AA9C5"
            name="github"
            size={20}
            style={
              Object {
                "marginRight": 5,
              }
            }
          />
          <Component
            style={
              Object {
                "marginTop": 6,
              }
            }
          />
        </Component>
        <Component
          style={
            Object {
              "fontWeight": "300",
              "marginLeft": 10,
              "marginRight": 10,
              "marginTop": 5,
              "textAlign": "center",
            }
          }
        />
      </Component>
      <Component>
        <Component
          style={
            Object {
              "fontSize": 15,
              "marginLeft": 20,
              "marginTop": 15,
            }
          }
        >
          Connections
        </Component>
        <Component
          style={
            Object {
              "backgroundColor": "#4AA9C5",
              "borderRadius": 5,
              "marginLeft": 20,
              "marginRight": 20,
              "marginTop": 5,
              "padding": 10,
            }
          }
        >
          <Component
            style={
              Object {
                "color": "#fff",
                "fontSize": 16,
              }
            }
          >
            You have no connections.
          </Component>
        </Component>
      </Component>
    </Component>
  </Component>
</ScrollView>
`;
