// Jest Snapshot v1, https://goo.gl/fbAQLP

exports[`SearchScreen renders the snapshot 1`] = `
<View
  style={
    Object {
      "alignItems": "stretch",
      "backgroundColor": "#4AA9C5",
      "flex": 1,
      "height": "100%",
      "justifyContent": "center",
      "paddingTop": 20,
      "width": "100%",
    }
  }
>
  <View
    style={
      Object {
        "alignItems": "stretch",
        "backgroundColor": "#fff",
        "borderRadius": 5,
        "flex": 1,
        "justifyContent": "center",
        "marginLeft": 20,
        "marginRight": 20,
        "marginTop": 25,
        "padding": 15,
      }
    }
  >
    <Text
      style={
        Object {
          "fontSize": 20,
          "marginLeft": 10,
          "marginTop": 10,
        }
      }
    >
      Search by:
    </Text>
    <View
      style={
        Object {
          "backgroundColor": "#fff",
          "borderColor": "#e3e3e3",
          "borderRadius": 3,
          "borderWidth": 1,
          "flexDirection": "row",
          "height": 30,
          "marginBottom": 5,
          "marginLeft": 10,
          "marginRight": 10,
          "marginTop": 5,
          "overflow": "hidden",
        }
      }
    >
      <View
        style={
          Object {
            "borderBottomLeftRadius": 3,
            "borderRightColor": "#bdc6cf",
            "borderRightWidth": 0,
            "borderTopLeftRadius": 3,
            "flex": 1,
          }
        }
      >
        <View
          accessible={true}
          isTVSelectable={true}
          onResponderGrant={[Function]}
          onResponderMove={[Function]}
          onResponderRelease={[Function]}
          onResponderTerminate={[Function]}
          onResponderTerminationRequest={[Function]}
          onStartShouldSetResponder={[Function]}
          style={
            Object {
              "flex": 1,
              "opacity": 1,
            }
          }
          testID="buttonGroupItem"
        >
          <View
            style={
              Object {
                "alignItems": "center",
                "backgroundColor": "#4AA9C5",
                "flex": 1,
                "justifyContent": "center",
              }
            }
          >
            <Text
              style={
                Object {
                  "color": "#fff",
                  "fontSize": 16.25,
                  "fontWeight": "500",
                }
              }
              testID="buttonGroupItemText"
              theme={
                Object {
                  "colors": Object {
                    "disabled": "hsl(208, 8%, 90%)",
                    "divider": "#bcbbc1",
                    "error": "#ff190c",
                    "grey0": "#393e42",
                    "grey1": "#43484d",
                    "grey2": "#5e6977",
                    "grey3": "#86939e",
                    "grey4": "#bdc6cf",
                    "grey5": "#e1e8ee",
                    "greyOutline": "#bbb",
                    "platform": Object {
                      "android": Object {
                        "error": "#f44336",
                        "primary": "#2196f3",
                        "secondary": "#9C27B0",
                        "success": "#4caf50",
                        "warning": "#ffeb3b",
                      },
                      "ios": Object {
                        "error": "#ff3b30",
                        "primary": "#007aff",
                        "secondary": "#5856d6",
                        "success": "#4cd964",
                        "warning": "#ffcc00",
                      },
                    },
                    "primary": "#2089dc",
                    "searchBg": "#303337",
                    "secondary": "#8F0CE8",
                    "success": "#52c41a",
                    "warning": "#faad14",
                  },
                }
              }
            >
              Name
            </Text>
          </View>
        </View>
      </View>
      <View
        style={
          Object {
            "borderLeftColor": "#bdc6cf",
            "borderLeftWidth": 1,
            "borderRightColor": "#bdc6cf",
            "borderRightWidth": 1,
            "flex": 1,
          }
        }
      >
        <View
          accessible={true}
          isTVSelectable={true}
          onResponderGrant={[Function]}
          onResponderMove={[Function]}
          onResponderRelease={[Function]}
          onResponderTerminate={[Function]}
          onResponderTerminationRequest={[Function]}
          onStartShouldSetResponder={[Function]}
          style={
            Object {
              "flex": 1,
              "opacity": 1,
            }
          }
          testID="buttonGroupItem"
        >
          <View
            style={
              Object {
                "alignItems": "center",
                "flex": 1,
                "justifyContent": "center",
              }
            }
          >
            <Text
              style={
                Object {
                  "color": "#5e6977",
                  "fontSize": 16.25,
                  "fontWeight": "500",
                }
              }
              testID="buttonGroupItemText"
              theme={
                Object {
                  "colors": Object {
                    "disabled": "hsl(208, 8%, 90%)",
                    "divider": "#bcbbc1",
                    "error": "#ff190c",
                    "grey0": "#393e42",
                    "grey1": "#43484d",
                    "grey2": "#5e6977",
                    "grey3": "#86939e",
                    "grey4": "#bdc6cf",
                    "grey5": "#e1e8ee",
                    "greyOutline": "#bbb",
                    "platform": Object {
                      "android": Object {
                        "error": "#f44336",
                        "primary": "#2196f3",
                        "secondary": "#9C27B0",
                        "success": "#4caf50",
                        "warning": "#ffeb3b",
                      },
                      "ios": Object {
                        "error": "#ff3b30",
                        "primary": "#007aff",
                        "secondary": "#5856d6",
                        "success": "#4cd964",
                        "warning": "#ffcc00",
                      },
                    },
                    "primary": "#2089dc",
                    "searchBg": "#303337",
                    "secondary": "#8F0CE8",
                    "success": "#52c41a",
                    "warning": "#faad14",
                  },
                }
              }
            >
              Location
            </Text>
          </View>
        </View>
      </View>
      <View
        style={
          Object {
            "borderRightColor": "#bdc6cf",
            "borderRightWidth": 1,
            "flex": 1,
          }
        }
      >
        <View
          accessible={true}
          isTVSelectable={true}
          onResponderGrant={[Function]}
          onResponderMove={[Function]}
          onResponderRelease={[Function]}
          onResponderTerminate={[Function]}
          onResponderTerminationRequest={[Function]}
          onStartShouldSetResponder={[Function]}
          style={
            Object {
              "flex": 1,
              "opacity": 1,
            }
          }
          testID="buttonGroupItem"
        >
          <View
            style={
              Object {
                "alignItems": "center",
                "flex": 1,
                "justifyContent": "center",
              }
            }
          >
            <Text
              style={
                Object {
                  "color": "#5e6977",
                  "fontSize": 16.25,
                  "fontWeight": "500",
                }
              }
              testID="buttonGroupItemText"
              theme={
                Object {
                  "colors": Object {
                    "disabled": "hsl(208, 8%, 90%)",
                    "divider": "#bcbbc1",
                    "error": "#ff190c",
                    "grey0": "#393e42",
                    "grey1": "#43484d",
                    "grey2": "#5e6977",
                    "grey3": "#86939e",
                    "grey4": "#bdc6cf",
                    "grey5": "#e1e8ee",
                    "greyOutline": "#bbb",
                    "platform": Object {
                      "android": Object {
                        "error": "#f44336",
                        "primary": "#2196f3",
                        "secondary": "#9C27B0",
                        "success": "#4caf50",
                        "warning": "#ffeb3b",
                      },
                      "ios": Object {
                        "error": "#ff3b30",
                        "primary": "#007aff",
                        "secondary": "#5856d6",
                        "success": "#4cd964",
                        "warning": "#ffcc00",
                      },
                    },
                    "primary": "#2089dc",
                    "searchBg": "#303337",
                    "secondary": "#8F0CE8",
                    "success": "#52c41a",
                    "warning": "#faad14",
                  },
                }
              }
            >
              Position
            </Text>
          </View>
        </View>
      </View>
      <View
        style={
          Object {
            "borderBottomRightRadius": 3,
            "borderTopRightRadius": 3,
            "flex": 1,
          }
        }
      >
        <View
          accessible={true}
          isTVSelectable={true}
          onResponderGrant={[Function]}
          onResponderMove={[Function]}
          onResponderRelease={[Function]}
          onResponderTerminate={[Function]}
          onResponderTerminationRequest={[Function]}
          onStartShouldSetResponder={[Function]}
          style={
            Object {
              "flex": 1,
              "opacity": 1,
            }
          }
          testID="buttonGroupItem"
        >
          <View
            style={
              Object {
                "alignItems": "center",
                "flex": 1,
                "justifyContent": "center",
              }
            }
          >
            <Text
              style={
                Object {
                  "color": "#5e6977",
                  "fontSize": 16.25,
                  "fontWeight": "500",
                }
              }
              testID="buttonGroupItemText"
              theme={
                Object {
                  "colors": Object {
                    "disabled": "hsl(208, 8%, 90%)",
                    "divider": "#bcbbc1",
                    "error": "#ff190c",
                    "grey0": "#393e42",
                    "grey1": "#43484d",
                    "grey2": "#5e6977",
                    "grey3": "#86939e",
                    "grey4": "#bdc6cf",
                    "grey5": "#e1e8ee",
                    "greyOutline": "#bbb",
                    "platform": Object {
                      "android": Object {
                        "error": "#f44336",
                        "primary": "#2196f3",
                        "secondary": "#9C27B0",
                        "success": "#4caf50",
                        "warning": "#ffeb3b",
                      },
                      "ios": Object {
                        "error": "#ff3b30",
                        "primary": "#007aff",
                        "secondary": "#5856d6",
                        "success": "#4cd964",
                        "warning": "#ffcc00",
                      },
                    },
                    "primary": "#2089dc",
                    "searchBg": "#303337",
                    "secondary": "#8F0CE8",
                    "success": "#52c41a",
                    "warning": "#faad14",
                  },
                }
              }
            >
              Employer
            </Text>
          </View>
        </View>
      </View>
    </View>
    <View
      style={
        Object {
          "alignItems": "center",
          "backgroundColor": "#ffffff00",
          "borderBottomWidth": 2,
          "borderColor": "#4AA9C5",
          "borderRadius": 30,
          "borderWidth": 2,
          "flexDirection": "row",
          "marginBottom": 10,
        }
      }
    >
      <ExponentLinearGradient
        colors={
          Array [
            4283083205,
            4284703937,
            4287845519,
          ]
        }
        startPoint={
          Array [
            undefined,
            undefined,
          ]
        }
        style={
          Object {
            "alignItems": "center",
            "borderRadius": 300,
            "height": 37,
            "justifyContent": "center",
            "marginLeft": 4,
            "width": 37,
          }
        }
      >
        <Text />
      </ExponentLinearGradient>
      <TextInput
        allowFontScaling={true}
        onChangeText={[Function]}
        placeholder="Search here..."
        style={
          Object {
            "backgroundColor": "transparent",
            "flex": 1,
            "fontSize": 16,
            "paddingBottom": 12,
            "paddingLeft": 10,
            "paddingTop": 12,
          }
        }
        underlineColorAndroid="transparent"
        value=""
      />
    </View>
  </View>
</View>
`;
